ERC report (2026-05-09T09:42:44+0000, Encoding UTF8)

***** Sheet /
[footprint_link_issues]: The current configuration does not include the footprint library 'RD-Testpoints'.
    ; warning
    @(0.6477 mm, 0.5334 mm): Symbol TP401 [TestPoint]

[footprint_link_issues]: The current configuration does not include the footprint library 'RD-Testpoints'.
    ; warning
    @(1.2573 mm, 0.5461 mm): Symbol TP402 [TestPoint]

[footprint_link_issues]: The current configuration does not include the footprint library 'RD-Testpoints'.
    ; warning
    @(1.0922 mm, 1.27 mm): Symbol TP501 [TestPoint]

[footprint_link_issues]: The current configuration does not include the footprint library 'RD-Testpoints'.
    ; warning
    @(2.0193 mm, 0.762 mm): Symbol TP403 [TestPoint]

[footprint_link_issues]: The current configuration does not include the footprint library 'RD-Testpoints'.
    ; warning
    @(1.651 mm, 2.4257 mm): Symbol TP601 [TestPoint_PMK_Probe]

[lib_symbol_issues]: The current configuration does not include the symbol library 'Ryan-Dynamics'
    ; warning
    @(1.651 mm, 2.4257 mm): Symbol TP601 [TestPoint_PMK_Probe]

[footprint_link_issues]: The current configuration does not include the footprint library 'RD-Testpoints'.
    ; warning
    @(2.032 mm, 2.4003 mm): Symbol TP604 [TestPoint_PMK_Probe]

[lib_symbol_issues]: The current configuration does not include the symbol library 'Ryan-Dynamics'
    ; warning
    @(2.032 mm, 2.4003 mm): Symbol TP604 [TestPoint_PMK_Probe]

[footprint_link_issues]: The current configuration does not include the footprint library 'RD-Testpoints'.
    ; warning
    @(1.651 mm, 3.1369 mm): Symbol TP602 [TestPoint_PMK_Probe]

[lib_symbol_issues]: The current configuration does not include the symbol library 'Ryan-Dynamics'
    ; warning
    @(1.651 mm, 3.1369 mm): Symbol TP602 [TestPoint_PMK_Probe]

[footprint_link_issues]: The current configuration does not include the footprint library 'RD-Testpoints'.
    ; warning
    @(0.7366 mm, 3.7338 mm): Symbol TP404 [TestPoint]

[footprint_link_issues]: The current configuration does not include the footprint library 'RD-Testpoints'.
    ; warning
    @(3.7973 mm, 0.8382 mm): Symbol TP603 [TestPoint_PMK_Probe]

[lib_symbol_issues]: The current configuration does not include the symbol library 'Ryan-Dynamics'
    ; warning
    @(3.7973 mm, 0.8382 mm): Symbol TP603 [TestPoint_PMK_Probe]

[footprint_link_issues]: The current configuration does not include the footprint library 'RD-Symbols-Silkscreen'.
    ; warning
    @(1.6891 mm, 3.6449 mm): Symbol ID401 [BOARD_STACKUP_MARKER]

[lib_symbol_issues]: The current configuration does not include the symbol library 'Ryan-Dynamics'
    ; warning
    @(1.6891 mm, 3.6449 mm): Symbol ID401 [BOARD_STACKUP_MARKER]

***** Sheet /CIRCUIT/
***** Sheet /REVISION HISTORY/
 ** ERC messages: 15  Errors 0  Warnings 15
