** Drc report for DREAM.kicad_pcb **
** Created on 2026-04-14T14:52:47+0000 **

** Found 115 DRC violations **
[lib_footprint_mismatch]: Footprint 'R_0603_1608Metric' does not match copy in library 'Resistor_SMD'.
    ; warning
    @(195.52 mm, 132.02 mm): Footprint R612
[lib_footprint_mismatch]: Footprint 'R_0603_1608Metric' does not match copy in library 'Resistor_SMD'.
    ; warning
    @(192.98 mm, 122.685 mm): Footprint R608
[lib_footprint_mismatch]: Footprint 'R_0603_1608Metric' does not match copy in library 'Resistor_SMD'.
    ; warning
    @(196.345 mm, 117.415 mm): Footprint R614
[lib_footprint_mismatch]: Footprint 'R_0603_1608Metric' does not match copy in library 'Resistor_SMD'.
    ; warning
    @(208.855 mm, 122.05 mm): Footprint R622
[lib_footprint_mismatch]: Footprint 'R_0603_1608Metric' does not match copy in library 'Resistor_SMD'.
    ; warning
    @(227.46 mm, 129.48 mm): Footprint R704
[lib_footprint_mismatch]: Footprint 'PinHeader_1x03_P2.54mm_Vertical' does not match copy in library 'Connector_PinHeader_2.54mm'.
    ; warning
    @(242.46 mm, 131.5 mm): Footprint JP401
[lib_footprint_mismatch]: Footprint 'C_0603_1608Metric' does not match copy in library 'Capacitor_SMD'.
    ; warning
    @(233.071992 mm, 156.063008 mm): Footprint C506
[lib_footprint_mismatch]: Footprint 'C_0603_1608Metric' does not match copy in library 'Capacitor_SMD'.
    ; warning
    @(229.088008 mm, 155.428008 mm): Footprint C510
[lib_footprint_mismatch]: Footprint 'R_0603_1608Metric' does not match copy in library 'Resistor_SMD'.
    ; warning
    @(198.06 mm, 132.655 mm): Footprint R611
[lib_footprint_mismatch]: Footprint 'R_0603_1608Metric' does not match copy in library 'Resistor_SMD'.
    ; warning
    @(201.235 mm, 116.78 mm): Footprint R618
[lib_footprint_mismatch]: Footprint 'C_0603_1608Metric' does not match copy in library 'Capacitor_SMD'.
    ; warning
    @(191.075 mm, 122.635 mm): Footprint C607
[lib_footprint_mismatch]: Footprint 'L_0603_1608Metric' does not match copy in library 'Inductor_SMD'.
    ; warning
    @(226.635 mm, 158.055 mm): Footprint FB501
[lib_footprint_mismatch]: Footprint 'R_0603_1608Metric' does not match copy in library 'Resistor_SMD'.
    ; warning
    @(221.4788 mm, 144.1612 mm): Footprint R619
[lib_footprint_mismatch]: Footprint 'R_0603_1608Metric' does not match copy in library 'Resistor_SMD'.
    ; warning
    @(221.696698 mm, 152.356372 mm): Footprint R503
[lib_footprint_mismatch]: Footprint 'SOIC-8_3.9x4.9mm_P1.27mm' does not match copy in library 'Package_SO'.
    ; warning
    @(191.075 mm, 146.625 mm): Footprint U601
[lib_footprint_mismatch]: Footprint 'C_0603_1608Metric' does not match copy in library 'Capacitor_SMD'.
    ; warning
    @(196.155 mm, 159.185 mm): Footprint C501
[lib_footprint_mismatch]: Footprint 'R_0603_1608Metric' does not match copy in library 'Resistor_SMD'.
    ; warning
    @(203.775 mm, 151.26 mm): Footprint R607
[lib_footprint_mismatch]: Footprint 'R_0603_1608Metric' does not match copy in library 'Resistor_SMD'.
    ; warning
    @(210.125 mm, 146.625 mm): Footprint R617
[lib_footprint_mismatch]: Footprint 'R_0603_1608Metric' does not match copy in library 'Resistor_SMD'.
    ; warning
    @(177.5 mm, 147.5 mm): Footprint R603
[lib_footprint_mismatch]: Footprint 'R_0603_1608Metric' does not match copy in library 'Resistor_SMD'.
    ; warning
    @(186.63 mm, 116.78 mm): Footprint R604
[lib_footprint_mismatch]: Footprint 'R_0603_1608Metric' does not match copy in library 'Resistor_SMD'.
    ; warning
    @(242.5 mm, 108.285499 mm): Footprint R402
[lib_footprint_mismatch]: Footprint 'C_0603_1608Metric' does not match copy in library 'Capacitor_SMD'.
    ; warning
    @(224.816992 mm, 140.996992 mm): Footprint C507
[lib_footprint_mismatch]: Footprint 'R_1812_4532Metric' does not match copy in library 'Resistor_SMD'.
    ; warning
    @(251.4 mm, 142.18 mm): Footprint F501
[lib_footprint_mismatch]: Footprint 'LQFP-32_7x7mm_P0.8mm' does not match copy in library 'Package_QFP'.
    ; warning
    @(231.715 mm, 148.53 mm): Footprint U501
[lib_footprint_mismatch]: Footprint 'LED_0805_2012Metric' does not match copy in library 'LED_SMD'.
    ; warning
    @(201.6668 mm, 159.325 mm): Footprint D501
[lib_footprint_mismatch]: Footprint 'R_0603_1608Metric' does not match copy in library 'Resistor_SMD'.
    ; warning
    @(177.5 mm, 132.5 mm): Footprint R602
[lib_footprint_mismatch]: Footprint 'R_0603_1608Metric' does not match copy in library 'Resistor_SMD'.
    ; warning
    @(226.635 mm, 118.05 mm): Footprint R708
[lib_footprint_mismatch]: Footprint 'PinHeader_1x02_P2.54mm_Vertical' does not match copy in library 'Connector_PinHeader_2.54mm'.
    ; warning
    @(220.915 mm, 105.35 mm): Footprint J701
[lib_footprint_mismatch]: Footprint 'R_0603_1608Metric' does not match copy in library 'Resistor_SMD'.
    ; warning
    @(188.345 mm, 141.545 mm): Footprint R624
[lib_footprint_mismatch]: Footprint 'R_0603_1608Metric' does not match copy in library 'Resistor_SMD'.
    ; warning
    @(191.52 mm, 141.545 mm): Footprint R623
[lib_footprint_mismatch]: Footprint 'C_0603_1608Metric' does not match copy in library 'Capacitor_SMD'.
    ; warning
    @(184.725 mm, 116.78 mm): Footprint C603
[lib_footprint_mismatch]: Footprint 'R_0603_1608Metric' does not match copy in library 'Resistor_SMD'.
    ; warning
    @(226.635 mm, 144.085 mm): Footprint R620
[lib_footprint_mismatch]: Footprint 'R_0603_1608Metric' does not match copy in library 'Resistor_SMD'.
    ; warning
    @(219.775326 mm, 145.9138 mm): Footprint R615
[lib_footprint_mismatch]: Footprint 'SOIC-8_3.9x4.9mm_P1.27mm' does not match copy in library 'Package_SO'.
    ; warning
    @(222.19 mm, 126.94 mm): Footprint U701
[lib_footprint_mismatch]: Footprint 'R_0603_1608Metric' does not match copy in library 'Resistor_SMD'.
    ; warning
    @(245.5 mm, 105.460499 mm): Footprint R401
[lib_footprint_mismatch]: Footprint 'R_0603_1608Metric' does not match copy in library 'Resistor_SMD'.
    ; warning
    @(222.19 mm, 130.75 mm): Footprint R703
[lib_footprint_mismatch]: Footprint 'C_0603_1608Metric' does not match copy in library 'Capacitor_SMD'.
    ; warning
    @(194.25 mm, 142.675 mm): Footprint C601
[lib_footprint_mismatch]: Footprint 'R_0603_1608Metric' does not match copy in library 'Resistor_SMD'.
    ; warning
    @(202.06 mm, 114.24 mm): Footprint R616
[lib_footprint_mismatch]: Footprint 'C_0603_1608Metric' does not match copy in library 'Capacitor_SMD'.
    ; warning
    @(208.855 mm, 114.1 mm): Footprint C616
[lib_footprint_mismatch]: Footprint 'R_0603_1608Metric' does not match copy in library 'Resistor_SMD'.
    ; warning
    @(189.17 mm, 136.655 mm): Footprint R606
[lib_footprint_mismatch]: Footprint 'R_0603_1608Metric' does not match copy in library 'Resistor_SMD'.
    ; warning
    @(205.68 mm, 151.26 mm): Footprint R610
[lib_footprint_mismatch]: Footprint 'R_0603_1608Metric' does not match copy in library 'Resistor_SMD'.
    ; warning
    @(251.4 mm, 154.245 mm): Footprint R510
[lib_footprint_mismatch]: Footprint 'R_0603_1608Metric' does not match copy in library 'Resistor_SMD'.
    ; warning
    @(177.5 mm, 117.5 mm): Footprint R601
[lib_footprint_mismatch]: Footprint 'C_0603_1608Metric' does not match copy in library 'Capacitor_SMD'.
    ; warning
    @(196.295 mm, 145.355 mm): Footprint C613
[lib_footprint_mismatch]: Footprint 'C_0603_1608Metric' does not match copy in library 'Capacitor_SMD'.
    ; warning
    @(235.611992 mm, 158.603008 mm): Footprint C504
[lib_footprint_mismatch]: Footprint 'R_0603_1608Metric' does not match copy in library 'Resistor_SMD'.
    ; warning
    @(211.9284 mm, 146.625 mm): Footprint R613
[lib_footprint_mismatch]: Footprint 'C_0603_1608Metric' does not match copy in library 'Capacitor_SMD'.
    ; warning
    @(200.46 mm, 147.26 mm): Footprint C606
[lib_footprint_mismatch]: Footprint 'SOIC-8_3.9x4.9mm_P1.27mm' does not match copy in library 'Package_SO'.
    ; warning
    @(205.68 mm, 146.625 mm): Footprint U602
[lib_footprint_mismatch]: Footprint 'C_0603_1608Metric' does not match copy in library 'Capacitor_SMD'.
    ; warning
    @(239.0 mm, 137.499999 mm): Footprint C405
[lib_footprint_mismatch]: Footprint 'C_0603_1608Metric' does not match copy in library 'Capacitor_SMD'.
    ; warning
    @(227.41 mm, 127.575 mm): Footprint C705
[lib_footprint_mismatch]: Footprint 'LED_0805_2012Metric' does not match copy in library 'LED_SMD'.
    ; warning
    @(201.6668 mm, 155.515 mm): Footprint D502
[lib_footprint_mismatch]: Footprint 'C_0603_1608Metric' does not match copy in library 'Capacitor_SMD'.
    ; warning
    @(234.341992 mm, 157.333008 mm): Footprint C509
[lib_footprint_mismatch]: Footprint 'R_0603_1608Metric' does not match copy in library 'Resistor_SMD'.
    ; warning
    @(213.745 mm, 127.575 mm): Footprint R701
[lib_footprint_mismatch]: Footprint 'R_0603_1608Metric' does not match copy in library 'Resistor_SMD'.
    ; warning
    @(205.4768 mm, 159.325 mm): Footprint R501
[lib_footprint_mismatch]: Footprint 'C_0603_1608Metric' does not match copy in library 'Capacitor_SMD'.
    ; warning
    @(227.41 mm, 125.67 mm): Footprint C706
[lib_footprint_mismatch]: Footprint 'C_0603_1608Metric' does not match copy in library 'Capacitor_SMD'.
    ; warning
    @(194.25 mm, 128.07 mm): Footprint C610
[lib_footprint_mismatch]: Footprint 'C_0603_1608Metric' does not match copy in library 'Capacitor_SMD'.
    ; warning
    @(191.075 mm, 136.605 mm): Footprint C608
[lib_footprint_mismatch]: Footprint 'R_0603_1608Metric' does not match copy in library 'Resistor_SMD'.
    ; warning
    @(234.838363 mm, 142.231637 mm): Footprint R508
[lib_footprint_mismatch]: Footprint 'C_0603_1608Metric' does not match copy in library 'Capacitor_SMD'.
    ; warning
    @(248.86 mm, 135.195 mm): Footprint C505
[lib_footprint_mismatch]: Footprint 'R_0603_1608Metric' does not match copy in library 'Resistor_SMD'.
    ; warning
    @(227.853363 mm, 142.866637 mm): Footprint R507
[lib_footprint_mismatch]: Footprint 'R_1812_4532Metric' does not match copy in library 'Resistor_SMD'.
    ; warning
    @(247.5 mm, 126.5 mm): Footprint F401
[lib_footprint_mismatch]: Footprint 'SOIC-8_3.9x4.9mm_P1.27mm' does not match copy in library 'Package_SO'.
    ; warning
    @(191.075 mm, 118.05 mm): Footprint U604
[lib_footprint_mismatch]: Footprint 'R_0603_1608Metric' does not match copy in library 'Resistor_SMD'.
    ; warning
    @(216.92 mm, 127.575 mm): Footprint R702
[lib_footprint_mismatch]: Footprint 'SOIC-8_3.9x4.9mm_P1.27mm' does not match copy in library 'Package_SO'.
    ; warning
    @(191.075 mm, 132.02 mm): Footprint U603
[lib_footprint_mismatch]: Footprint 'C_0603_1608Metric' does not match copy in library 'Capacitor_SMD'.
    ; warning
    @(219.46 mm, 114.24 mm): Footprint C707
[lib_footprint_mismatch]: Footprint 'R_0603_1608Metric' does not match copy in library 'Resistor_SMD'.
    ; warning
    @(223.941762 mm, 154.601438 mm): Footprint R506
[lib_footprint_mismatch]: Footprint 'R_0603_1608Metric' does not match copy in library 'Resistor_SMD'.
    ; warning
    @(251.4 mm, 151.07 mm): Footprint R509
[lib_footprint_mismatch]: Footprint 'C_0603_1608Metric' does not match copy in library 'Capacitor_SMD'.
    ; warning
    @(243.275 mm, 135.0 mm): Footprint C401
[lib_footprint_mismatch]: Footprint 'C_0603_1608Metric' does not match copy in library 'Capacitor_SMD'.
    ; warning
    @(248.86 mm, 138.37 mm): Footprint C508
[lib_footprint_mismatch]: Footprint 'R_0603_1608Metric' does not match copy in library 'Resistor_SMD'.
    ; warning
    @(212.665 mm, 120.59 mm): Footprint R621
[lib_footprint_mismatch]: Footprint 'C_0603_1608Metric' does not match copy in library 'Capacitor_SMD'.
    ; warning
    @(194.25 mm, 114.1 mm): Footprint C614
[lib_footprint_mismatch]: Footprint 'R_0603_1608Metric' does not match copy in library 'Resistor_SMD'.
    ; warning
    @(225.872163 mm, 153.837763 mm): Footprint R505
[lib_footprint_mismatch]: Footprint 'C_0603_1608Metric' does not match copy in library 'Capacitor_SMD'.
    ; warning
    @(216.92 mm, 129.48 mm): Footprint C703
[lib_footprint_mismatch]: Footprint 'C_0603_1608Metric' does not match copy in library 'Capacitor_SMD'.
    ; warning
    @(225.365 mm, 122.99 mm): Footprint C702
[lib_footprint_mismatch]: Footprint 'C_0603_1608Metric' does not match copy in library 'Capacitor_SMD'.
    ; warning
    @(196.295 mm, 134.56 mm): Footprint C605
[lib_footprint_mismatch]: Footprint 'C_0603_1608Metric' does not match copy in library 'Capacitor_SMD'.
    ; warning
    @(238.0 mm, 105.0 mm): Footprint C402
[lib_footprint_mismatch]: Footprint 'C_0603_1608Metric' does not match copy in library 'Capacitor_SMD'.
    ; warning
    @(210.76 mm, 120.59 mm): Footprint C612
[lib_footprint_mismatch]: Footprint 'C_0603_1608Metric' does not match copy in library 'Capacitor_SMD'.
    ; warning
    @(247.5 mm, 144.225 mm): Footprint C512
[lib_footprint_mismatch]: Footprint 'C_0603_1608Metric' does not match copy in library 'Capacitor_SMD'.
    ; warning
    @(225.365 mm, 114.1 mm): Footprint C701
[lib_footprint_mismatch]: Footprint 'R_0603_1608Metric' does not match copy in library 'Resistor_SMD'.
    ; warning
    @(222.0884 mm, 107.89 mm): Footprint R709
[lib_footprint_mismatch]: Footprint 'C_0603_1608Metric' does not match copy in library 'Capacitor_SMD'.
    ; warning
    @(196.295 mm, 119.955 mm): Footprint C604
[lib_footprint_mismatch]: Footprint 'C_0603_1608Metric' does not match copy in library 'Capacitor_SMD'.
    ; warning
    @(230.840001 mm, 139.64 mm): Footprint C502
[lib_footprint_mismatch]: Footprint 'SOIC-8_3.9x4.9mm_P1.27mm' does not match copy in library 'Package_SO'.
    ; warning
    @(222.19 mm, 118.05 mm): Footprint U702
[lib_footprint_mismatch]: Footprint 'C_0603_1608Metric' does not match copy in library 'Capacitor_SMD'.
    ; warning
    @(207.585 mm, 151.21 mm): Footprint C609
[lib_footprint_mismatch]: Footprint 'R_0603_1608Metric' does not match copy in library 'Resistor_SMD'.
    ; warning
    @(219.46 mm, 112.335 mm): Footprint R706
[lib_footprint_mismatch]: Footprint 'C_0603_1608Metric' does not match copy in library 'Capacitor_SMD'.
    ; warning
    @(246.0 mm, 139.025 mm): Footprint C404
[lib_footprint_mismatch]: Footprint 'R_0603_1608Metric' does not match copy in library 'Resistor_SMD'.
    ; warning
    @(205.4768 mm, 155.515 mm): Footprint R502
[lib_footprint_mismatch]: Footprint 'C_0603_1608Metric' does not match copy in library 'Capacitor_SMD'.
    ; warning
    @(216.97 mm, 125.67 mm): Footprint C704
[lib_footprint_mismatch]: Footprint 'SOIC-8_3.9x4.9mm_P1.27mm' does not match copy in library 'Package_SO'.
    ; warning
    @(205.68 mm, 118.05 mm): Footprint U605
[lib_footprint_mismatch]: Footprint 'C_0603_1608Metric' does not match copy in library 'Capacitor_SMD'.
    ; warning
    @(239.5 mm, 105.0 mm): Footprint C403
[lib_footprint_mismatch]: Footprint 'R_0603_1608Metric' does not match copy in library 'Resistor_SMD'.
    ; warning
    @(192.98 mm, 136.655 mm): Footprint R609
[lib_footprint_mismatch]: Footprint 'PinHeader_2x07_P1.27mm_Vertical_SMD' does not match copy in library 'Connector_PinHeader_1.27mm'.
    ; warning
    @(215.84 mm, 153.61 mm): Footprint J501
[lib_footprint_mismatch]: Footprint 'C_0603_1608Metric' does not match copy in library 'Capacitor_SMD'.
    ; warning
    @(227.818008 mm, 156.698008 mm): Footprint C511
[lib_footprint_mismatch]: Footprint 'R_0603_1608Metric' does not match copy in library 'Resistor_SMD'.
    ; warning
    @(189.17 mm, 122.685 mm): Footprint R605
[lib_footprint_mismatch]: Footprint 'C_0603_1608Metric' does not match copy in library 'Capacitor_SMD'.
    ; warning
    @(210.9 mm, 117.415 mm): Footprint C611
[lib_footprint_mismatch]: Footprint 'R_0603_1608Metric' does not match copy in library 'Resistor_SMD'.
    ; warning
    @(222.635 mm, 112.335 mm): Footprint R705
[lib_footprint_mismatch]: Footprint 'C_0603_1608Metric' does not match copy in library 'Capacitor_SMD'.
    ; warning
    @(208.855 mm, 142.675 mm): Footprint C602
[lib_footprint_mismatch]: Footprint 'C_0603_1608Metric' does not match copy in library 'Capacitor_SMD'.
    ; warning
    @(227.511 mm, 139.64 mm): Footprint C503
[lib_footprint_mismatch]: Footprint 'R_0603_1608Metric' does not match copy in library 'Resistor_SMD'.
    ; warning
    @(223.627099 mm, 151.592697 mm): Footprint R504
[lib_footprint_mismatch]: Footprint 'R_0603_1608Metric' does not match copy in library 'Resistor_SMD'.
    ; warning
    @(222.19 mm, 121.86 mm): Footprint R707
[lib_footprint_mismatch]: Footprint 'C_0603_1608Metric' does not match copy in library 'Capacitor_SMD'.
    ; warning
    @(196.295 mm, 147.895 mm): Footprint C615
[nonmirrored_text_on_back_layer]: Non-Mirrored text on back layer
    ; warning
    @(225.238 mm, 104.7404 mm): PCB text 'V-' on B.Silkscreen
[nonmirrored_text_on_back_layer]: Non-Mirrored text on back layer
    ; warning
    @(219.2436 mm, 104.7404 mm): PCB text 'V+' on B.Silkscreen
[drill_out_of_range]: Hole size out of range (rule 'MENG4210 Minimum Non-plated Hole Size' min hole 0.8000 mm; actual 0.6500 mm)
    ; error (excluded)
    @(256.22 mm, 150.39 mm): NPTH pad of J502
[drill_out_of_range]: Hole size out of range (rule 'MENG4210 Minimum Non-plated Hole Size' min hole 0.8000 mm; actual 0.6500 mm)
    ; error (excluded)
    @(256.22 mm, 144.61 mm): NPTH pad of J502
[lib_footprint_mismatch]: Footprint 'SOT-23-6' does not match copy in library 'Package_TO_SOT_SMD'.
    ; warning (excluded)
    @(247.5 mm, 147.5 mm): Footprint U502
[lib_footprint_mismatch]: Footprint 'D_SOD-323_HandSoldering' does not match copy in library 'Diode_SMD'.
    ; warning (excluded)
    @(180.0 mm, 150.0 mm): Footprint D606
[lib_footprint_mismatch]: Footprint 'D_SOD-323_HandSoldering' does not match copy in library 'Diode_SMD'.
    ; warning (excluded)
    @(180.0 mm, 130.0 mm): Footprint D603
[lib_footprint_mismatch]: Footprint 'D_SOD-323_HandSoldering' does not match copy in library 'Diode_SMD'.
    ; warning (excluded)
    @(180.0 mm, 135.0 mm): Footprint D604
[lib_footprint_mismatch]: Footprint 'D_SOD-323_HandSoldering' does not match copy in library 'Diode_SMD'.
    ; warning (excluded)
    @(180.0 mm, 145.0 mm): Footprint D605
[lib_footprint_mismatch]: Footprint 'SOT-23-5' does not match copy in library 'Package_TO_SOT_SMD'.
    ; warning (excluded)
    @(242.5 mm, 137.5 mm): Footprint U401
[lib_footprint_mismatch]: Footprint 'D_SOD-323_HandSoldering' does not match copy in library 'Diode_SMD'.
    ; warning (excluded)
    @(180.0 mm, 115.0 mm): Footprint D601
[lib_footprint_mismatch]: Footprint 'D_SOD-323_HandSoldering' does not match copy in library 'Diode_SMD'.
    ; warning (excluded)
    @(180.0 mm, 120.0 mm): Footprint D602
[lib_footprint_mismatch]: Footprint 'TerminalBlock_Phoenix_MKDS-1-2-3.81_1x02_P3.81mm_Horizontal' does not match copy in library 'TerminalBlock_Phoenix'.
    ; warning (excluded)
    @(257.972301 mm, 134.433001 mm): Footprint J402
[lib_footprint_mismatch]: Footprint 'BarrelJack_Kycon_KLDX-0202-xC_Horizontal' does not match copy in library 'Connector_BarrelJack'.
    ; warning (excluded)
    @(248.05 mm, 117.5 mm): Footprint J401

** Found 0 unconnected pads **

** Found 0 Footprint errors **

** End of Report **
